
> medtrack-erp-frontend@0.1.0 build
> tsc -b && vite build

[36mvite v6.4.1 [32mbuilding for production...[36m[39m
transforming...
[32mΓ£ô[39m 3134 modules transformed.
rendering chunks...
computing gzip size...
[2mdist/[22m[32mregisterSW.js                               [39m[1m[2m    0.13 kB[22m[1m[22m
[2mdist/[22m[32mmanifest.webmanifest                        [39m[1m[2m    0.43 kB[22m[1m[22m
[2mdist/[22m[32mindex.html                                  [39m[1m[2m    0.86 kB[22m[1m[22m[2m Γöé gzip:   0.46 kB[22m
[2mdist/[22m[35massets/SystemMapPage-BZV40eAE.css           [39m[1m[2m   15.85 kB[22m[1m[22m[2m Γöé gzip:   2.66 kB[22m
[2mdist/[22m[35massets/index-DT1wqTy2.css                   [39m[1m[2m   85.41 kB[22m[1m[22m[2m Γöé gzip:  14.08 kB[22m
[2mdist/[22m[36massets/operations.service-DqL2ekMd.js       [39m[1m[2m    0.44 kB[22m[1m[22m[2m Γöé gzip:   0.22 kB[22m
[2mdist/[22m[36massets/PageHeader-B7GQlJMV.js               [39m[1m[2m    0.46 kB[22m[1m[22m[2m Γöé gzip:   0.28 kB[22m
[2mdist/[22m[36massets/box-BOyKip2G.js                      [39m[1m[2m    0.48 kB[22m[1m[22m[2m Γöé gzip:   0.33 kB[22m
[2mdist/[22m[36massets/scan-barcode-D_PRN9z4.js             [39m[1m[2m    0.58 kB[22m[1m[22m[2m Γöé gzip:   0.34 kB[22m
[2mdist/[22m[36massets/replace-Cjp7DAcc.js                  [39m[1m[2m    0.60 kB[22m[1m[22m[2m Γöé gzip:   0.37 kB[22m
[2mdist/[22m[36massets/arrow-up-CQhpC0-8.js                 [39m[1m[2m    0.62 kB[22m[1m[22m[2m Γöé gzip:   0.32 kB[22m
[2mdist/[22m[36massets/work-order.service-BLU-XpNj.js       [39m[1m[2m    0.66 kB[22m[1m[22m[2m Γöé gzip:   0.31 kB[22m
[2mdist/[22m[36massets/arrow-up-to-line-Cg-mEJiS.js         [39m[1m[2m    0.71 kB[22m[1m[22m[2m Γöé gzip:   0.35 kB[22m
[2mdist/[22m[36massets/validations-BC1JX1nY.js              [39m[1m[2m    0.81 kB[22m[1m[22m[2m Γöé gzip:   0.41 kB[22m
[2mdist/[22m[36massets/separator-BGZFJv8x.js                [39m[1m[2m    1.02 kB[22m[1m[22m[2m Γöé gzip:   0.58 kB[22m
[2mdist/[22m[36massets/currency-Oxd6jPIA.js                 [39m[1m[2m    2.49 kB[22m[1m[22m[2m Γöé gzip:   1.00 kB[22m
[2mdist/[22m[36massets/NewInvoicePage-CECWVYe3.js           [39m[1m[2m    2.67 kB[22m[1m[22m[2m Γöé gzip:   1.12 kB[22m
[2mdist/[22m[36massets/TransactionHistoryPage-C5qzw47g.js   [39m[1m[2m    2.70 kB[22m[1m[22m[2m Γöé gzip:   1.03 kB[22m
[2mdist/[22m[36massets/Drawer-DIkC4WlU.js                   [39m[1m[2m    3.35 kB[22m[1m[22m[2m Γöé gzip:   1.30 kB[22m
[2mdist/[22m[36massets/OperationFormPage-DYYvSIj0.js        [39m[1m[2m    3.50 kB[22m[1m[22m[2m Γöé gzip:   1.45 kB[22m
[2mdist/[22m[36massets/RegisterTenantPage-CAtRQGnu.js       [39m[1m[2m    3.54 kB[22m[1m[22m[2m Γöé gzip:   1.09 kB[22m
[2mdist/[22m[36massets/ProductTemplateListPage-CtPBQ4zt.js  [39m[1m[2m    3.54 kB[22m[1m[22m[2m Γöé gzip:   1.29 kB[22m
[2mdist/[22m[36massets/ShopFloorPage-ChBfmo8h.js            [39m[1m[2m    3.98 kB[22m[1m[22m[2m Γöé gzip:   1.52 kB[22m
[2mdist/[22m[36massets/OperationsListPage-gRauyDPw.js       [39m[1m[2m    4.24 kB[22m[1m[22m[2m Γöé gzip:   1.52 kB[22m
[2mdist/[22m[36massets/WorkOrdersListPage-BagfvOOL.js       [39m[1m[2m    4.24 kB[22m[1m[22m[2m Γöé gzip:   1.55 kB[22m
[2mdist/[22m[36massets/WorkOrderCreatePage-DlpCpcTa.js      [39m[1m[2m    4.98 kB[22m[1m[22m[2m Γöé gzip:   1.68 kB[22m
[2mdist/[22m[36massets/InventoryDashboard-dC2XrthO.js       [39m[1m[2m    5.94 kB[22m[1m[22m[2m Γöé gzip:   1.73 kB[22m
[2mdist/[22m[36massets/JobCardsPage-zvzjLrm8.js             [39m[1m[2m    6.14 kB[22m[1m[22m[2m Γöé gzip:   2.17 kB[22m
[2mdist/[22m[36massets/LoginPage-BBzZteBl.js                [39m[1m[2m    6.27 kB[22m[1m[22m[2m Γöé gzip:   1.92 kB[22m
[2mdist/[22m[36massets/ReportsPage-CS4ySBRW.js              [39m[1m[2m    6.89 kB[22m[1m[22m[2m Γöé gzip:   2.38 kB[22m
[2mdist/[22m[36massets/WorkOrderDetailPage-CawqnXpN.js      [39m[1m[2m    7.21 kB[22m[1m[22m[2m Γöé gzip:   2.28 kB[22m
[2mdist/[22m[36massets/UserListPage-VsgD67zb.js             [39m[1m[2m    7.34 kB[22m[1m[22m[2m Γöé gzip:   2.67 kB[22m
[2mdist/[22m[36massets/ProductListPage-qCCl07IS.js          [39m[1m[2m    7.85 kB[22m[1m[22m[2m Γöé gzip:   2.81 kB[22m
[2mdist/[22m[36massets/ProductDetailPage-Dc4vQGql.js        [39m[1m[2m    8.51 kB[22m[1m[22m[2m Γöé gzip:   2.58 kB[22m
[2mdist/[22m[36massets/DashboardPage-DnzxJH30.js            [39m[1m[2m    9.20 kB[22m[1m[22m[2m Γöé gzip:   3.05 kB[22m
[2mdist/[22m[36massets/BOMListPage-CcXvYoZ4.js              [39m[1m[2m    9.22 kB[22m[1m[22m[2m Γöé gzip:   3.15 kB[22m
[2mdist/[22m[36massets/ProductTemplateFormPage-l_FLYZh5.js  [39m[1m[2m   10.11 kB[22m[1m[22m[2m Γöé gzip:   3.36 kB[22m
[2mdist/[22m[36massets/MaterialListPage-BEIq8DvJ.js         [39m[1m[2m   18.09 kB[22m[1m[22m[2m Γöé gzip:   4.57 kB[22m
[2mdist/[22m[36massets/NewSupplierInvoicePage-DHTZoYnz.js   [39m[1m[2m   18.50 kB[22m[1m[22m[2m Γöé gzip:   5.11 kB[22m
[2mdist/[22m[36massets/index-BkOSPAc7.js                    [39m[1m[2m   18.98 kB[22m[1m[22m[2m Γöé gzip:   4.43 kB[22m
[2mdist/[22m[36massets/FinanceDashboardPage-B6k6-NC9.js     [39m[1m[2m   26.37 kB[22m[1m[22m[2m Γöé gzip:   5.72 kB[22m
[2mdist/[22m[36massets/DataTable-eovXDVUX.js                [39m[1m[2m   56.16 kB[22m[1m[22m[2m Γöé gzip:  15.10 kB[22m
[2mdist/[22m[36massets/BOMDetailPage-Bk3K2hDN.js            [39m[1m[2m   68.78 kB[22m[1m[22m[2m Γöé gzip:  16.51 kB[22m
[2mdist/[22m[36massets/types-Bii4DiUy.js                    [39m[1m[2m   83.76 kB[22m[1m[22m[2m Γöé gzip:  22.83 kB[22m
[2mdist/[22m[36massets/SystemMapPage-C4zcDOV4.js            [39m[1m[2m  273.57 kB[22m[1m[22m[2m Γöé gzip:  91.58 kB[22m
[2mdist/[22m[36massets/index-JO3w1mjx.js                    [39m[1m[33m1,183.52 kB[39m[22m[2m Γöé gzip: 332.04 kB[22m
npm : [33m
At line:1 char:1
+ npm run build 2>&1 | Tee-Object -FilePath build_output.txt | Select-O ...
+ ~~~~~~~~~~~~~~~~~~
    + CategoryInfo          : NotSpecified: ([33m:String) [], RemoteException
    + FullyQualifiedErrorId : NativeCommandError
 
(!) Some chunks are larger than 500 kB after minification. Consider:
- Using dynamic import() to code-split the application
- Use build.rollupOptions.output.manualChunks to improve chunking: 
https://rollupjs.org/configuration-options/#output-manualchunks
- Adjust chunk size limit for this warning via 
build.chunkSizeWarningLimit.[39m
[32mΓ£ô built in 11.40s[39m

PWA v1.2.0
mode      generateSW
precache  50 entries (1948.09 KiB)
files generated
  dist/sw.js
  dist/workbox-354287e6.js
