src/components/layout/Sidebar.tsx(2,10): error TS2724: '"@/app/store/uiStore"' has no exported member named 'useUiStore'. Did you mean 'useUIStore'?
src/components/ui/toaster.tsx(1,26): error TS2307: Cannot find module '@/components/hooks/use-toast' or its corresponding type declarations.
src/components/ui/toaster.tsx(16,31): error TS7031: Binding element 'id' implicitly has an 'any' type.
src/components/ui/toaster.tsx(16,35): error TS7031: Binding element 'title' implicitly has an 'any' type.
src/components/ui/toaster.tsx(16,42): error TS7031: Binding element 'description' implicitly has an 'any' type.
src/components/ui/toaster.tsx(16,55): error TS7031: Binding element 'action' implicitly has an 'any' type.
src/layouts/DefaultLayout.tsx(2,10): error TS2724: '"@/app/store/uiStore"' has no exported member named 'useUiStore'. Did you mean 'useUIStore'?
src/modules/inventory/pages/ProductFormPage.tsx(1,1): error TS6133: 'useState' is declared but its value is never read.
src/modules/inventory/pages/ProductListPage.tsx(2,10): error TS6133: 'useState' is declared but its value is never read.
src/modules/users/pages/UserFormPage.tsx(39,5): error TS2322: Type 'Resolver<{ role: string; email: string; first_name: string; last_name: string; is_active?: boolean | undefined; }, any, { role: string; email: string; first_name: string; last_name: string; is_active: boolean; }>' is not assignable to type 'Resolver<{ role: string; email: string; first_name: string; last_name: string; is_active: boolean; }, any, { role: string; email: string; first_name: string; last_name: string; is_active: boolean; }>'.
  Types of parameters 'options' and 'options' are incompatible.
    Type 'ResolverOptions<{ role: string; email: string; first_name: string; last_name: string; is_active: boolean; }>' is not assignable to type 'ResolverOptions<{ role: string; email: string; first_name: string; last_name: string; is_active?: boolean | undefined; }>'.
      Type 'boolean | undefined' is not assignable to type 'boolean'.
        Type 'undefined' is not assignable to type 'boolean'.
src/modules/users/pages/UserFormPage.tsx(92,43): error TS2345: Argument of type '(data: UserFormValues) => void' is not assignable to parameter of type 'SubmitHandler<TFieldValues>'.
  Types of parameters 'data' and 'data' are incompatible.
    Type 'TFieldValues' is not assignable to type '{ role: string; email: string; first_name: string; last_name: string; is_active: boolean; }'.
      Type 'FieldValues' is missing the following properties from type '{ role: string; email: string; first_name: string; last_name: string; is_active: boolean; }': role, email, first_name, last_name, is_active
src/services/inventory.service.ts(1,1): error TS6133: 'apiClient' is declared but its value is never read.
src/services/reports.service.ts(1,1): error TS6133: 'apiClient' is declared but its value is never read.
